// Jest Snapshot v1, https://goo.gl/fbAQLP

exports[`<UserCard /> renders 1`] = `
<input
  className="form-control custom-input"
  disabled={undefined}
  id={undefined}
  onChange={[Function]}
  placeholder="Password"
  type="password"
  value={undefined}
/>
`;
